// Jest Snapshot v1, https://goo.gl/fbAQLP

exports[`Header component Capture component snapshot 1`] = `
<header
  className="header"
  data-test="header-component"
>
  <div
    className="header__logo"
  >
    <img
      alt="logo"
      data-test="logo-img"
      src="logo.png"
    />
  </div>
  <div
    className="header__title"
  >
    Behive Versioning Dashboard
  </div>
</header>
`;
